src/components/public/ActivitiesCalendar.tsx(22,9): error TS6133: 't' is declared but its value is never read.
